LoraApp.c:27:10:LORA_UART_IDLECallback	16	static
LoraApp.c:59:13:genByte	16	static
LoraApp.c:66:10:genPayload	24	static
LoraApp.c:78:10:sendFrameLoRa	16	static
LoraApp.c:95:10:SendFixMessage	64	static
LoraApp.c:113:6:LoRaFixMsg	32	static
LoraApp.c:129:11:LoRa_Init	8	static
LoraApp.c:134:10:GetLoRaConfig	16	static
LoraApp.c:147:10:send_string	16	static
LoraApp.c:151:10:MakeLoraFrame	144	static
LoraApp.c:207:9:LoRaUAV	848	static
LoraApp.c:409:10:DecodeLoraFrame	16	static
LoraApp.c:449:10:SaveLoraFrame	416	static,ignoring_inline_asm
