stm321fxx_it.c:17:6:EXTI4_IRQHandler	8	static
stm321fxx_it.c:28:6:DMA1_Channel6_IRQHandler	8	static
stm321fxx_it.c:38:6:USART2_IRQHandler	8	static
stm321fxx_it.c:50:6:USART3_IRQHandler	8	static
stm321fxx_it.c:63:6:USER_UART_IRQHandler	24	static
stm321fxx_it.c:89:6:SysTick_Handler	8	static
stm321fxx_it.c:94:6:NMI_Handler	4	static
stm321fxx_it.c:98:6:HardFault_Handler	4	static
stm321fxx_it.c:104:6:MemManage_Handler	4	static
stm321fxx_it.c:109:6:BusFault_Handler	4	static
stm321fxx_it.c:114:6:UsageFault_Handler	4	static
stm321fxx_it.c:119:6:SVC_Handler	4	static
stm321fxx_it.c:124:6:DebugMon_Handler	4	static
stm321fxx_it.c:128:6:PendSV_Handler	4	static
stm321fxx_it.c:133:1:HAL_DMA1_IRQHandler	16	static
